#-----------------------------------------------------------
# Vivado v2025.1 (64-bit)
# SW Build 6140274 on Thu May 22 00:12:29 MDT 2025
# IP Build 6138677 on Thu May 22 03:10:11 MDT 2025
# SharedData Build 6139179 on Tue May 20 17:58:58 MDT 2025
# Start of session at: Tue Oct 21 22:16:48 2025
# Process ID         : 23904
# Current directory  : D:/NABEEL_VLSI/64bit_ALU/64bit_ALU.runs/synth_1
# Command line       : vivado.exe -log alu_64.vds -product Vivado -mode batch -messageDb vivado.pb -notrace -source alu_64.tcl
# Log file           : D:/NABEEL_VLSI/64bit_ALU/64bit_ALU.runs/synth_1/alu_64.vds
# Journal file       : D:/NABEEL_VLSI/64bit_ALU/64bit_ALU.runs/synth_1\vivado.jou
# Running On         : LAPTOP-8RMD6N5G
# Platform           : Windows Server 2016 or Windows 10
# Operating System   : 26100
# Processor Detail   : 12th Gen Intel(R) Core(TM) i5-12450H
# CPU Frequency      : 2496 MHz
# CPU Physical cores : 8
# CPU Logical cores  : 12
# Host memory        : 16869 MB
# Swap memory        : 7784 MB
# Total Virtual      : 24654 MB
# Available Virtual  : 6892 MB
#-----------------------------------------------------------
source alu_64.tcl -notrace
validate_noc  -part xcve2002-sbva484-1LHP-i-L
